ERROR:app:Exception on / [HEAD]
Traceback (most recent call last):
  File "C:\Users\Administrator\AppData\Local\Programs\Python\Python311\Lib\site-packages\flask\app.py", line 1511, in wsgi_app
    response = self.full_dispatch_request()
               ^^^^^^^^^^^^^^^^^^^^^^^^^^^^
  File "C:\Users\Administrator\AppData\Local\Programs\Python\Python311\Lib\site-packages\flask\app.py", line 919, in full_dispatch_request
    rv = self.handle_user_exception(e)
         ^^^^^^^^^^^^^^^^^^^^^^^^^^^^^
  File "C:\Users\Administrator\AppData\Local\Programs\Python\Python311\Lib\site-packages\flask\app.py", line 915, in full_dispatch_request
    rv = self.preprocess_request()
         ^^^^^^^^^^^^^^^^^^^^^^^^^
  File "C:\Users\Administrator\AppData\Local\Programs\Python\Python311\Lib\site-packages\flask\app.py", line 1291, in preprocess_request
    rv = self.ensure_sync(before_func)()
         ^^^^^^^^^^^^^^^^^^^^^^^^^^^^^^^
  File "C:\Users\Administrator\Desktop\converted\app.py", line 205, in require_setup_and_login
    db = get_db()
         ^^^^^^^^
  File "C:\Users\Administrator\Desktop\converted\app.py", line 177, in get_db
    g.db = get_connection()
           ^^^^^^^^^^^^^^^^
  File "C:\Users\Administrator\Desktop\converted\database.py", line 684, in get_connection
    raw = pyodbc.connect(_build_connection_string(), autocommit=False)
          ^^^^^^^^^^^^^^^^^^^^^^^^^^^^^^^^^^^^^^^^^^^^^^^^^^^^^^^^^^^^
pyodbc.InterfaceError: ('28000', '[28000] [Microsoft][ODBC Driver 18 for SQL Server][SQL Server]Login failed for user \'NT AUTHORITY\\SYSTEM\'. (18456) (SQLDriverConnect); [28000] [Microsoft][ODBC Driver 18 for SQL Server][SQL Server]Cannot open database "repair" requested by the login. The login failed. (4060); [28000] [Microsoft][ODBC Driver 18 for SQL Server][SQL Server]Login failed for user \'NT AUTHORITY\\SYSTEM\'. (18456); [28000] [Microsoft][ODBC Driver 18 for SQL Server][SQL Server]Cannot open database "repair" requested by the login. The login failed. (4060)')
WARNING:waitress.queue:Task queue depth is 1
WARNING:waitress.queue:Task queue depth is 2
WARNING:waitress.queue:Task queue depth is 3
WARNING:waitress.queue:Task queue depth is 1
WARNING:waitress.queue:Task queue depth is 2
WARNING:waitress.queue:Task queue depth is 3
WARNING:waitress.queue:Task queue depth is 2
WARNING:waitress.queue:Task queue depth is 3
WARNING:waitress.queue:Task queue depth is 1
WARNING:waitress.queue:Task queue depth is 2
WARNING:waitress.queue:Task queue depth is 3
WARNING:waitress.queue:Task queue depth is 4
WARNING:waitress.queue:Task queue depth is 5
WARNING:waitress.queue:Task queue depth is 3
WARNING:waitress.queue:Task queue depth is 4
WARNING:waitress.queue:Task queue depth is 5
WARNING:waitress.queue:Task queue depth is 6
WARNING:waitress.queue:Task queue depth is 7
WARNING:waitress.queue:Task queue depth is 8
WARNING:waitress.queue:Task queue depth is 9
WARNING:waitress.queue:Task queue depth is 7
WARNING:waitress.queue:Task queue depth is 8
WARNING:waitress.queue:Task queue depth is 9
WARNING:waitress.queue:Task queue depth is 10
WARNING:waitress.queue:Task queue depth is 11
WARNING:waitress.queue:Task queue depth is 12
WARNING:waitress.queue:Task queue depth is 13
WARNING:waitress.queue:Task queue depth is 14
WARNING:waitress.queue:Task queue depth is 13
WARNING:waitress.queue:Task queue depth is 11
WARNING:waitress.queue:Task queue depth is 12
WARNING:waitress.queue:Task queue depth is 13
WARNING:waitress.queue:Task queue depth is 14
WARNING:waitress.queue:Task queue depth is 15
WARNING:waitress.queue:Task queue depth is 16
WARNING:waitress.queue:Task queue depth is 17
WARNING:waitress.queue:Task queue depth is 18
WARNING:waitress.queue:Task queue depth is 19
WARNING:waitress.queue:Task queue depth is 20
WARNING:waitress.queue:Task queue depth is 21
WARNING:waitress.queue:Task queue depth is 22
WARNING:waitress.queue:Task queue depth is 23
WARNING:waitress.queue:Task queue depth is 24
WARNING:waitress.queue:Task queue depth is 25
WARNING:waitress.queue:Task queue depth is 26
WARNING:waitress.queue:Task queue depth is 24
WARNING:waitress.queue:Task queue depth is 24
WARNING:waitress.queue:Task queue depth is 24
WARNING:waitress.queue:Task queue depth is 22
WARNING:waitress.queue:Task queue depth is 23
WARNING:waitress.queue:Task queue depth is 24
WARNING:waitress.queue:Task queue depth is 25
WARNING:waitress.queue:Task queue depth is 26
WARNING:waitress.queue:Task queue depth is 27
WARNING:waitress.queue:Task queue depth is 28
WARNING:waitress.queue:Task queue depth is 28
WARNING:waitress.queue:Task queue depth is 29
WARNING:waitress.queue:Task queue depth is 28
WARNING:waitress.queue:Task queue depth is 29
WARNING:waitress.queue:Task queue depth is 30
WARNING:waitress.queue:Task queue depth is 31
WARNING:waitress.queue:Task queue depth is 32
WARNING:waitress.queue:Task queue depth is 33
